<script charset="utf-8">
  var value = 'test';
</script>
<script charset="utf-8">
  var value = 'test and prod';
</script>
